2026-06-12T21:44:29.1411783Z Current runner version: '2.335.1'
2026-06-12T21:44:29.1437532Z ##[group]Runner Image Provisioner
2026-06-12T21:44:29.1438758Z Hosted Compute Agent
2026-06-12T21:44:29.1439470Z Version: 20260527.539
2026-06-12T21:44:29.1440220Z Commit: a891dd388383b896fa6ac04a82c0b75cec981078
2026-06-12T21:44:29.1441153Z Build Date: 2026-05-27T21:39:57Z
2026-06-12T21:44:29.1441910Z Worker ID: {40a27b8c-5d1e-40cd-b091-116b0dde9413}
2026-06-12T21:44:29.1442699Z Azure Region: westus3
2026-06-12T21:44:29.1443307Z ##[endgroup]
2026-06-12T21:44:29.1444826Z ##[group]Operating System
2026-06-12T21:44:29.1445489Z Ubuntu
2026-06-12T21:44:29.1446016Z 24.04.4
2026-06-12T21:44:29.1446659Z LTS
2026-06-12T21:44:29.1447246Z ##[endgroup]
2026-06-12T21:44:29.1447852Z ##[group]Runner Image
2026-06-12T21:44:29.1448540Z Image: ubuntu-24.04
2026-06-12T21:44:29.1449107Z Version: 20260607.184.1
2026-06-12T21:44:29.1450857Z Included Software: https://github.com/actions/runner-images/blob/ubuntu24/20260607.184/images/ubuntu/Ubuntu2404-Readme.md
2026-06-12T21:44:29.1452914Z Image Release: https://github.com/actions/runner-images/releases/tag/ubuntu24%2F20260607.184
2026-06-12T21:44:29.1453925Z ##[endgroup]
2026-06-12T21:44:29.1455221Z ##[group]GITHUB_TOKEN Permissions
2026-06-12T21:44:29.1457644Z Contents: read
2026-06-12T21:44:29.1458330Z Metadata: read
2026-06-12T21:44:29.1459022Z Packages: read
2026-06-12T21:44:29.1459597Z ##[endgroup]
2026-06-12T21:44:29.1462199Z Secret source: Actions
2026-06-12T21:44:29.1463215Z Prepare workflow directory
2026-06-12T21:44:29.1851919Z Prepare all required actions
2026-06-12T21:44:29.1890041Z Getting action download info
2026-06-12T21:44:29.5265879Z Download action repository 'actions/checkout@v4' (SHA:34e114876b0b11c390a56381ad16ebd13914f8d5)
2026-06-12T21:44:29.7684242Z Download action repository 'actions/setup-node@v4' (SHA:49933ea5288caeca8642d1e84afbd3f7d6820020)
2026-06-12T21:44:29.9576360Z Complete job name: Lint, typecheck, test, build
2026-06-12T21:44:30.0311631Z ##[group]Run actions/checkout@v4
2026-06-12T21:44:30.0312484Z with:
2026-06-12T21:44:30.0312941Z   repository: King0508/cs144-finalproject
2026-06-12T21:44:30.0317828Z   token: ***
2026-06-12T21:44:30.0318267Z   ssh-strict: true
2026-06-12T21:44:30.0318726Z   ssh-user: git
2026-06-12T21:44:30.0319185Z   persist-credentials: true
2026-06-12T21:44:30.0319668Z   clean: true
2026-06-12T21:44:30.0320109Z   sparse-checkout-cone-mode: true
2026-06-12T21:44:30.0320782Z   fetch-depth: 1
2026-06-12T21:44:30.0321215Z   fetch-tags: false
2026-06-12T21:44:30.0321655Z   show-progress: true
2026-06-12T21:44:30.0322091Z   lfs: false
2026-06-12T21:44:30.0322496Z   submodules: false
2026-06-12T21:44:30.0322942Z   set-safe-directory: true
2026-06-12T21:44:30.0323613Z ##[endgroup]
2026-06-12T21:44:30.1482437Z Syncing repository: King0508/cs144-finalproject
2026-06-12T21:44:30.1484528Z ##[group]Getting Git version info
2026-06-12T21:44:30.1485860Z Working directory is '/home/runner/work/cs144-finalproject/cs144-finalproject'
2026-06-12T21:44:30.1487602Z [command]/usr/bin/git version
2026-06-12T21:44:30.1559031Z git version 2.54.0
2026-06-12T21:44:30.1584865Z ##[endgroup]
2026-06-12T21:44:30.1599046Z Temporarily overriding HOME='/home/runner/work/_temp/fe1695f2-4c36-4f6c-ada0-a513cdda3c0a' before making global git config changes
2026-06-12T21:44:30.1600655Z Adding repository directory to the temporary git global config as a safe directory
2026-06-12T21:44:30.1613859Z [command]/usr/bin/git config --global --add safe.directory /home/runner/work/cs144-finalproject/cs144-finalproject
2026-06-12T21:44:30.1658802Z Deleting the contents of '/home/runner/work/cs144-finalproject/cs144-finalproject'
2026-06-12T21:44:30.1662722Z ##[group]Initializing the repository
2026-06-12T21:44:30.1667030Z [command]/usr/bin/git init /home/runner/work/cs144-finalproject/cs144-finalproject
2026-06-12T21:44:30.1747959Z hint: Using 'master' as the name for the initial branch. This default branch name
2026-06-12T21:44:30.1749619Z hint: will change to "main" in Git 3.0. To configure the initial branch name
2026-06-12T21:44:30.1751607Z hint: to use in all of your new repositories, which will suppress this warning,
2026-06-12T21:44:30.1752763Z hint: call:
2026-06-12T21:44:30.1753358Z hint:
2026-06-12T21:44:30.1754501Z hint: 	git config --global init.defaultBranch <name>
2026-06-12T21:44:30.1755366Z hint:
2026-06-12T21:44:30.1756026Z hint: Names commonly chosen instead of 'master' are 'main', 'trunk' and
2026-06-12T21:44:30.1756941Z hint: 'development'. The just-created branch can be renamed via this command:
2026-06-12T21:44:30.1757652Z hint:
2026-06-12T21:44:30.1758069Z hint: 	git branch -m <name>
2026-06-12T21:44:30.1758536Z hint:
2026-06-12T21:44:30.1759170Z hint: Disable this message with "git config set advice.defaultBranchName false"
2026-06-12T21:44:30.1760445Z Initialized empty Git repository in /home/runner/work/cs144-finalproject/cs144-finalproject/.git/
2026-06-12T21:44:30.1764800Z [command]/usr/bin/git remote add origin https://github.com/King0508/cs144-finalproject
2026-06-12T21:44:30.1805809Z ##[endgroup]
2026-06-12T21:44:30.1806622Z ##[group]Disabling automatic garbage collection
2026-06-12T21:44:30.1809782Z [command]/usr/bin/git config --local gc.auto 0
2026-06-12T21:44:30.1838856Z ##[endgroup]
2026-06-12T21:44:30.1839575Z ##[group]Setting up auth
2026-06-12T21:44:30.1846032Z [command]/usr/bin/git config --local --name-only --get-regexp core\.sshCommand
2026-06-12T21:44:30.1883895Z [command]/usr/bin/git submodule foreach --recursive sh -c "git config --local --name-only --get-regexp 'core\.sshCommand' && git config --local --unset-all 'core.sshCommand' || :"
2026-06-12T21:44:30.2261822Z [command]/usr/bin/git config --local --name-only --get-regexp http\.https\:\/\/github\.com\/\.extraheader
2026-06-12T21:44:30.2296088Z [command]/usr/bin/git submodule foreach --recursive sh -c "git config --local --name-only --get-regexp 'http\.https\:\/\/github\.com\/\.extraheader' && git config --local --unset-all 'http.https://github.com/.extraheader' || :"
2026-06-12T21:44:30.2552052Z [command]/usr/bin/git config --local --name-only --get-regexp ^includeIf\.gitdir:
2026-06-12T21:44:30.2593360Z [command]/usr/bin/git submodule foreach --recursive git config --local --show-origin --name-only --get-regexp remote.origin.url
2026-06-12T21:44:30.2833939Z [command]/usr/bin/git config --local http.https://github.com/.extraheader AUTHORIZATION: basic ***
2026-06-12T21:44:30.2872396Z ##[endgroup]
2026-06-12T21:44:30.2873395Z ##[group]Fetching the repository
2026-06-12T21:44:30.2881261Z [command]/usr/bin/git -c protocol.version=2 fetch --no-tags --prune --no-recurse-submodules --depth=1 origin +befdfa30d4f4314ae6072dc1e85bd17123ef70cb:refs/remotes/origin/main
2026-06-12T21:44:31.0969311Z From https://github.com/King0508/cs144-finalproject
2026-06-12T21:44:31.0971422Z  * [new ref]         befdfa30d4f4314ae6072dc1e85bd17123ef70cb -> origin/main
2026-06-12T21:44:31.1007674Z ##[endgroup]
2026-06-12T21:44:31.1009284Z ##[group]Determining the checkout info
2026-06-12T21:44:31.1011165Z ##[endgroup]
2026-06-12T21:44:31.1015924Z [command]/usr/bin/git sparse-checkout disable
2026-06-12T21:44:31.1064927Z [command]/usr/bin/git config --local --unset-all extensions.worktreeConfig
2026-06-12T21:44:31.1100188Z ##[group]Checking out the ref
2026-06-12T21:44:31.1102859Z [command]/usr/bin/git checkout --progress --force -B main refs/remotes/origin/main
2026-06-12T21:44:31.1270472Z Switched to a new branch 'main'
2026-06-12T21:44:31.1271935Z branch 'main' set up to track 'origin/main'.
2026-06-12T21:44:31.1277853Z ##[endgroup]
2026-06-12T21:44:31.1320824Z [command]/usr/bin/git log -1 --format=%H
2026-06-12T21:44:31.1344976Z befdfa30d4f4314ae6072dc1e85bd17123ef70cb
2026-06-12T21:44:31.1684897Z ##[group]Run actions/setup-node@v4
2026-06-12T21:44:31.1686108Z with:
2026-06-12T21:44:31.1686936Z   node-version: 22
2026-06-12T21:44:31.1687817Z   cache: npm
2026-06-12T21:44:31.1688667Z   always-auth: false
2026-06-12T21:44:31.1689609Z   check-latest: false
2026-06-12T21:44:31.1702100Z   token: ***
2026-06-12T21:44:31.1702964Z ##[endgroup]
2026-06-12T21:44:31.3540594Z Found in cache @ /opt/hostedtoolcache/node/22.22.3/x64
2026-06-12T21:44:31.3547123Z ##[group]Environment details
2026-06-12T21:44:31.7138356Z node: v22.22.3
2026-06-12T21:44:31.7138897Z npm: 10.9.8
2026-06-12T21:44:31.7139202Z yarn: 1.22.22
2026-06-12T21:44:31.7140025Z ##[endgroup]
2026-06-12T21:44:31.7159816Z [command]/opt/hostedtoolcache/node/22.22.3/x64/bin/npm config get cache
2026-06-12T21:44:31.8260067Z /home/runner/.npm
2026-06-12T21:44:32.0778324Z Cache hit for: node-cache-Linux-x64-npm-bc2cc79094920f61340da7f27b8f3d3951b0fe646fcfbf05166bdf24075bdd0d
2026-06-12T21:44:33.3173724Z Received 12582912 of 87377935 (14.4%), 12.0 MBs/sec
2026-06-12T21:44:33.7869920Z Received 87377935 of 87377935 (100.0%), 56.3 MBs/sec
2026-06-12T21:44:33.7870795Z Cache Size: ~83 MB (87377935 B)
2026-06-12T21:44:33.7896777Z [command]/usr/bin/tar -xf /home/runner/work/_temp/12fac517-5e52-47b1-a7a3-1ee8d121f981/cache.tzst -P -C /home/runner/work/cs144-finalproject/cs144-finalproject --use-compress-program unzstd
2026-06-12T21:44:34.0262055Z Cache restored successfully
2026-06-12T21:44:34.0308635Z Cache restored from key: node-cache-Linux-x64-npm-bc2cc79094920f61340da7f27b8f3d3951b0fe646fcfbf05166bdf24075bdd0d
2026-06-12T21:44:34.0492087Z ##[group]Run npm ci
2026-06-12T21:44:34.0492466Z [36;1mnpm ci[0m
2026-06-12T21:44:34.0665011Z shell: /usr/bin/bash -e {0}
2026-06-12T21:44:34.0665378Z ##[endgroup]
2026-06-12T21:44:37.6096782Z npm warn deprecated inflight@1.0.6: This module is not supported, and leaks memory. Do not use it. Check out lru-cache if you want a good and tested way to coalesce async requests by a key value, which is much more comprehensive and powerful.
2026-06-12T21:44:37.7301043Z npm warn deprecated @humanwhocodes/config-array@0.13.0: Use @eslint/config-array instead
2026-06-12T21:44:37.7434289Z npm warn deprecated rimraf@3.0.2: Rimraf versions prior to v4 are no longer supported
2026-06-12T21:44:37.8172183Z npm warn deprecated whatwg-encoding@3.1.1: Use @exodus/bytes instead for a more spec-conformant and faster implementation
2026-06-12T21:44:37.8251260Z npm warn deprecated glob@7.2.3: Old versions of glob are not supported, and contain widely publicized security vulnerabilities, which have been fixed in the current version. Please update. Support for old versions may be purchased (at exorbitant rates) by contacting i@izs.me
2026-06-12T21:44:37.9427302Z npm warn deprecated @humanwhocodes/object-schema@2.0.3: Use @eslint/object-schema instead
2026-06-12T21:44:38.3643062Z npm warn deprecated source-map@0.8.0-beta.0: The work that was done in this beta branch won't be included in future versions
2026-06-12T21:44:38.6550839Z npm warn deprecated node-domexception@1.0.0: Use your platform's native DOMException instead
2026-06-12T21:44:39.4620496Z npm warn deprecated glob@11.1.0: Old versions of glob are not supported, and contain widely publicized security vulnerabilities, which have been fixed in the current version. Please update. Support for old versions may be purchased (at exorbitant rates) by contacting i@izs.me
2026-06-12T21:44:39.4716896Z npm warn deprecated glob@10.5.0: Old versions of glob are not supported, and contain widely publicized security vulnerabilities, which have been fixed in the current version. Please update. Support for old versions may be purchased (at exorbitant rates) by contacting i@izs.me
2026-06-12T21:44:41.4397945Z npm warn deprecated eslint@8.57.1: This version is no longer supported. Please see https://eslint.org/version-support for other options.
2026-06-12T21:44:45.0550654Z 
2026-06-12T21:44:45.0551675Z added 931 packages, and audited 934 packages in 11s
2026-06-12T21:44:45.0552287Z 
2026-06-12T21:44:45.0552598Z 209 packages are looking for funding
2026-06-12T21:44:45.0553103Z   run `npm fund` for details
2026-06-12T21:44:45.0710141Z 
2026-06-12T21:44:45.0711431Z 5 high severity vulnerabilities
2026-06-12T21:44:45.0711989Z 
2026-06-12T21:44:45.0712818Z To address all issues (including breaking changes), run:
2026-06-12T21:44:45.0713448Z   npm audit fix --force
2026-06-12T21:44:45.0713709Z 
2026-06-12T21:44:45.0714553Z Run `npm audit` for details.
2026-06-12T21:44:45.1630692Z ##[group]Run npm run lint
2026-06-12T21:44:45.1631015Z [36;1mnpm run lint[0m
2026-06-12T21:44:45.1666130Z shell: /usr/bin/bash -e {0}
2026-06-12T21:44:45.1666416Z ##[endgroup]
2026-06-12T21:44:45.2702892Z 
2026-06-12T21:44:45.2703564Z > campus-ministry-pwa@0.1.0 lint
2026-06-12T21:44:45.2704139Z > npm -w frontend run lint && npm -w backend run lint
2026-06-12T21:44:45.2704407Z 
2026-06-12T21:44:45.3885189Z 
2026-06-12T21:44:45.3885878Z > frontend@0.1.0 lint
2026-06-12T21:44:45.3886403Z > eslint . --ext .ts,.tsx
2026-06-12T21:44:45.3886665Z 
2026-06-12T21:44:47.7470630Z 
2026-06-12T21:44:47.7474210Z > backend@0.1.0 lint
2026-06-12T21:44:47.7476051Z > eslint . --ext .ts
2026-06-12T21:44:47.7476357Z 
2026-06-12T21:44:49.1639424Z ##[group]Run npm run typecheck
2026-06-12T21:44:49.1639760Z [36;1mnpm run typecheck[0m
2026-06-12T21:44:49.1675962Z shell: /usr/bin/bash -e {0}
2026-06-12T21:44:49.1676246Z ##[endgroup]
2026-06-12T21:44:49.2690947Z 
2026-06-12T21:44:49.2691382Z > campus-ministry-pwa@0.1.0 typecheck
2026-06-12T21:44:49.2692055Z > npm -w frontend run typecheck && npm -w backend run typecheck
2026-06-12T21:44:49.2692408Z 
2026-06-12T21:44:49.3874196Z 
2026-06-12T21:44:49.3875108Z > frontend@0.1.0 typecheck
2026-06-12T21:44:49.3875691Z > tsc -b --noEmit
2026-06-12T21:44:49.3875910Z 
2026-06-12T21:44:53.6168250Z 
2026-06-12T21:44:53.6168912Z > backend@0.1.0 typecheck
2026-06-12T21:44:53.6169505Z > tsc -p tsconfig.json --noEmit
2026-06-12T21:44:53.6169789Z 
2026-06-12T21:44:56.0182923Z ##[group]Run npm test
2026-06-12T21:44:56.0183209Z [36;1mnpm test[0m
2026-06-12T21:44:56.0219030Z shell: /usr/bin/bash -e {0}
2026-06-12T21:44:56.0219306Z ##[endgroup]
2026-06-12T21:44:56.1317153Z 
2026-06-12T21:44:56.1317604Z > campus-ministry-pwa@0.1.0 test
2026-06-12T21:44:56.1318107Z > npm -w frontend run test && npm -w backend run test
2026-06-12T21:44:56.1318359Z 
2026-06-12T21:44:56.2471036Z 
2026-06-12T21:44:56.2471720Z > frontend@0.1.0 test
2026-06-12T21:44:56.2472231Z > vitest run
2026-06-12T21:44:56.2472443Z 
2026-06-12T21:44:56.5723694Z 
2026-06-12T21:44:56.5725882Z [1m[46m RUN [49m[22m [36mv3.2.6 [39m[90m/home/runner/work/cs144-finalproject/cs144-finalproject/frontend[39m
2026-06-12T21:44:56.5726641Z 
2026-06-12T21:44:57.5327015Z  [32m✓[39m src/test/curriculum.test.ts [2m([22m[2m4 tests[22m[2m)[22m[32m 4[2mms[22m[39m
2026-06-12T21:44:57.5438346Z [90mstderr[2m | src/test/offlineQueue.test.ts[2m > [22m[2mofflineQueue[2m > [22m[2mretains failed items in the queue for retry
2026-06-12T21:44:57.5441510Z [22m[39m[offlineQueue] item failed, will retry chat.send Error: nope
2026-06-12T21:44:57.5442914Z     at [90m/home/runner/work/cs144-finalproject/cs144-finalproject/frontend/[39msrc/test/offlineQueue.test.ts:50:28
2026-06-12T21:44:57.5444710Z     at Module.flushQueue [90m(/home/runner/work/cs144-finalproject/cs144-finalproject/frontend/[39msrc/store/offlineQueue.ts:59:13[90m)[39m
2026-06-12T21:44:57.5446311Z [90m    at processTicksAndRejections (node:internal/process/task_queues:103:5)[39m
2026-06-12T21:44:57.5447714Z     at [90m/home/runner/work/cs144-finalproject/cs144-finalproject/frontend/[39msrc/test/offlineQueue.test.ts:49:20
2026-06-12T21:44:57.5449389Z     at file:///home/runner/work/cs144-finalproject/cs144-finalproject/node_modules/[4m@vitest/runner[24m/dist/chunk-hooks.js:752:20
2026-06-12T21:44:57.5450200Z 
2026-06-12T21:44:57.5451505Z  [32m✓[39m src/test/offlineQueue.test.ts [2m([22m[2m3 tests[22m[2m)[22m[32m 10[2mms[22m[39m
2026-06-12T21:44:57.5708367Z 
2026-06-12T21:44:57.5713348Z [2m Test Files [22m [1m[32m2 passed[39m[22m[90m (2)[39m
2026-06-12T21:44:57.5714471Z [2m      Tests [22m [1m[32m7 passed[39m[22m[90m (7)[39m
2026-06-12T21:44:57.5715334Z [2m   Start at [22m 21:44:56
2026-06-12T21:44:57.5716720Z [2m   Duration [22m 998ms[2m (transform 81ms, setup 159ms, collect 68ms, tests 14ms, environment 847ms, prepare 367ms)[22m
2026-06-12T21:44:57.5717929Z 
2026-06-12T21:44:57.8351345Z 
2026-06-12T21:44:57.8352016Z > backend@0.1.0 test
2026-06-12T21:44:57.8352401Z > vitest run
2026-06-12T21:44:57.8352539Z 
2026-06-12T21:44:58.1364616Z 
2026-06-12T21:44:58.1367916Z [1m[46m RUN [49m[22m [36mv3.2.6 [39m[90m/home/runner/work/cs144-finalproject/cs144-finalproject/backend[39m
2026-06-12T21:44:58.1368392Z 
2026-06-12T21:44:58.5296465Z [90mstderr[2m | test/verifyFirebaseToken.test.ts[2m > [22m[2mverifyFirebaseToken[2m > [22m[2m401s on a bad token
2026-06-12T21:44:58.5362342Z [22m[39m[auth] token verification failed Error: bad token
2026-06-12T21:44:58.5364493Z     at Object.<anonymous> [90m(/home/runner/work/cs144-finalproject/cs144-finalproject/backend/[39mtest/verifyFirebaseToken.test.ts:11:15[90m)[39m
2026-06-12T21:44:58.5366762Z  [32m✓[39m test/verifyFirebaseToken.test.ts [2m([22m[2m3 tests[22m[2m)[22m[32m 19[2mms[22m[39m
2026-06-12T21:44:58.5368519Z     at Object.mockCall (file:///home/runner/work/cs144-finalproject/cs144-finalproject/node_modules/[4m@vitest/spy[24m/dist/index.js:96:15)
2026-06-12T21:44:58.5370673Z     at Object.spy [as verifyIdToken] (file:///home/runner/work/cs144-finalproject/cs144-finalproject/node_modules/[4mtinyspy[24m/dist/index.js:47:80)
2026-06-12T21:44:58.5372834Z     at verifyFirebaseToken [90m(/home/runner/work/cs144-finalproject/cs144-finalproject/backend/[39msrc/middleware/verifyFirebaseToken.ts:41:34[90m)[39m
2026-06-12T21:44:58.5375221Z     at [90m/home/runner/work/cs144-finalproject/cs144-finalproject/backend/[39mtest/verifyFirebaseToken.test.ts:57:11
2026-06-12T21:44:58.5376957Z     at file:///home/runner/work/cs144-finalproject/cs144-finalproject/node_modules/[4m@vitest/runner[24m/dist/chunk-hooks.js:155:11
2026-06-12T21:44:58.5378677Z     at file:///home/runner/work/cs144-finalproject/cs144-finalproject/node_modules/[4m@vitest/runner[24m/dist/chunk-hooks.js:752:26
2026-06-12T21:44:58.5380526Z     at file:///home/runner/work/cs144-finalproject/cs144-finalproject/node_modules/[4m@vitest/runner[24m/dist/chunk-hooks.js:1897:20
2026-06-12T21:44:58.5381558Z     at new Promise (<anonymous>)
2026-06-12T21:44:58.5382926Z     at runWithTimeout (file:///home/runner/work/cs144-finalproject/cs144-finalproject/node_modules/[4m@vitest/runner[24m/dist/chunk-hooks.js:1863:10)
2026-06-12T21:44:58.5383855Z 
2026-06-12T21:44:58.5551798Z  [32m✓[39m test/laDates.test.ts [2m([22m[2m5 tests[22m[2m)[22m[32m 28[2mms[22m[39m
2026-06-12T21:44:58.7351657Z  [32m✓[39m test/ai.routes.test.ts [2m([22m[2m4 tests[22m[2m)[22m[32m 49[2mms[22m[39m
2026-06-12T21:44:58.8988419Z  [32m✓[39m test/curriculum.test.ts [2m([22m[2m1 test[22m[2m)[22m[32m 3[2mms[22m[39m
2026-06-12T21:44:59.2297572Z  [32m✓[39m test/classifyGeminiError.test.ts [2m([22m[2m3 tests[22m[2m)[22m[32m 4[2mms[22m[39m
2026-06-12T21:44:59.2437493Z 
2026-06-12T21:44:59.2461998Z [2m Test Files [22m [1m[32m5 passed[39m[22m[90m (5)[39m
2026-06-12T21:44:59.2481401Z [2m      Tests [22m [1m[32m16 passed[39m[22m[90m (16)[39m
2026-06-12T21:44:59.2564877Z [2m   Start at [22m 21:44:58
2026-06-12T21:44:59.2566159Z [2m   Duration [22m 1.11s[2m (transform 293ms, setup 0ms, collect 867ms, tests 104ms, environment 1ms, prepare 545ms)[22m
2026-06-12T21:44:59.2566875Z 
2026-06-12T21:44:59.3743491Z ##[group]Run npm -w frontend run build
2026-06-12T21:44:59.3743840Z [36;1mnpm -w frontend run build[0m
2026-06-12T21:44:59.3777311Z shell: /usr/bin/bash -e {0}
2026-06-12T21:44:59.3777574Z env:
2026-06-12T21:44:59.3777811Z   VITE_FIREBASE_API_KEY: ci-placeholder
2026-06-12T21:44:59.3778117Z   VITE_FIREBASE_AUTH_DOMAIN: ci-placeholder
2026-06-12T21:44:59.3778422Z   VITE_FIREBASE_PROJECT_ID: ci-placeholder
2026-06-12T21:44:59.3778743Z   VITE_FIREBASE_STORAGE_BUCKET: ci-placeholder
2026-06-12T21:44:59.3779080Z   VITE_FIREBASE_MESSAGING_SENDER_ID: ci-placeholder
2026-06-12T21:44:59.3779425Z   VITE_FIREBASE_APP_ID: ci-placeholder
2026-06-12T21:44:59.3779711Z   VITE_FIREBASE_VAPID_KEY: ci-placeholder
2026-06-12T21:44:59.3780190Z ##[endgroup]
2026-06-12T21:44:59.4911286Z 
2026-06-12T21:44:59.4911874Z > frontend@0.1.0 build
2026-06-12T21:44:59.4912345Z > tsc -b && vite build
2026-06-12T21:44:59.4912506Z 
2026-06-12T21:45:03.6537772Z [36mvite v7.3.5 [32mbuilding client environment for production...[36m[39m
2026-06-12T21:45:03.9666730Z transforming...
2026-06-12T21:45:07.2858270Z [32m✓[39m 1864 modules transformed.
2026-06-12T21:45:07.4908444Z rendering chunks...
2026-06-12T21:45:08.1219182Z computing gzip size...
2026-06-12T21:45:08.1638565Z [2mdist/[22m[32mmanifest.webmanifest                        [39m[1m[2m  0.54 kB[22m[1m[22m
2026-06-12T21:45:08.1640018Z [2mdist/[22m[32mindex.html                                  [39m[1m[2m  1.30 kB[22m[1m[22m[2m │ gzip:   0.63 kB[22m
2026-06-12T21:45:08.1641666Z [2mdist/[22m[2massets/[22m[35mindex-B7prjfc_.css                   [39m[1m[2m 28.41 kB[22m[1m[22m[2m │ gzip:   5.90 kB[22m
2026-06-12T21:45:08.1643379Z [2mdist/[22m[2massets/[22m[36mcheck-DrtWg2Nk.js                    [39m[1m[2m  0.16 kB[22m[1m[22m[2m │ gzip:   0.17 kB[22m[2m │ map:     0.78 kB[22m
2026-06-12T21:45:08.1645292Z [2mdist/[22m[2massets/[22m[36mcurriculum-CB7ikhre.js               [39m[1m[2m  0.32 kB[22m[1m[22m[2m │ gzip:   0.26 kB[22m[2m │ map:     1.69 kB[22m
2026-06-12T21:45:08.1647095Z [2mdist/[22m[2massets/[22m[36mBadge-B4zoAIiH.js                    [39m[1m[2m  0.48 kB[22m[1m[22m[2m │ gzip:   0.35 kB[22m[2m │ map:     1.26 kB[22m
2026-06-12T21:45:08.1648883Z [2mdist/[22m[2massets/[22m[36museCampuses-dD0sxUZS.js              [39m[1m[2m  0.53 kB[22m[1m[22m[2m │ gzip:   0.39 kB[22m[2m │ map:     2.60 kB[22m
2026-06-12T21:45:08.1651059Z [2mdist/[22m[2massets/[22m[36msparkles-BQBABfDC.js                 [39m[1m[2m  0.54 kB[22m[1m[22m[2m │ gzip:   0.32 kB[22m[2m │ map:     1.42 kB[22m
2026-06-12T21:45:08.1652934Z [2mdist/[22m[2massets/[22m[36mPageHeader-DAueQgJx.js               [39m[1m[2m  0.63 kB[22m[1m[22m[2m │ gzip:   0.36 kB[22m[2m │ map:     1.73 kB[22m
2026-06-12T21:45:08.1653937Z [33m
2026-06-12T21:45:08.1654447Z (!) Some chunks are larger than 500 kB after minification. Consider:
2026-06-12T21:45:08.1654947Z - Using dynamic import() to code-split the application
2026-06-12T21:45:08.1655796Z - Use build.rollupOptions.output.manualChunks to improve chunking: https://rollupjs.org/configuration-options/#output-manualchunks
2026-06-12T21:45:08.1656716Z - Adjust chunk size limit for this warning via build.chunkSizeWarningLimit.[39m
2026-06-12T21:45:08.1657708Z [2mdist/[22m[2massets/[22m[36museStudies-CoiYUq6F.js               [39m[1m[2m  0.71 kB[22m[1m[22m[2m │ gzip:   0.43 kB[22m[2m │ map:     3.35 kB[22m
2026-06-12T21:45:08.1658788Z [2mdist/[22m[2massets/[22m[36mapi-MlHZAZ2T.js                      [39m[1m[2m  0.96 kB[22m[1m[22m[2m │ gzip:   0.53 kB[22m[2m │ map:     3.84 kB[22m
2026-06-12T21:45:08.1659856Z [2mdist/[22m[2massets/[22m[36mNotFound-B-Ji7URW.js                 [39m[1m[2m  0.99 kB[22m[1m[22m[2m │ gzip:   0.59 kB[22m[2m │ map:     2.73 kB[22m
2026-06-12T21:45:08.1661554Z [2mdist/[22m[2massets/[22m[36mdates-Dkrf4wPM.js                    [39m[1m[2m  1.10 kB[22m[1m[22m[2m │ gzip:   0.63 kB[22m[2m │ map:     4.96 kB[22m
2026-06-12T21:45:08.1662674Z [2mdist/[22m[2massets/[22m[36mLogin-B7aXpDRT.js                    [39m[1m[2m  1.65 kB[22m[1m[22m[2m │ gzip:   0.97 kB[22m[2m │ map:     4.29 kB[22m
2026-06-12T21:45:08.1663760Z [2mdist/[22m[2massets/[22m[36mField-B2QS_uFq.js                    [39m[1m[2m  2.43 kB[22m[1m[22m[2m │ gzip:   0.84 kB[22m[2m │ map:     6.11 kB[22m
2026-06-12T21:45:08.1664826Z [2mdist/[22m[2massets/[22m[36mOnboarding-sSFicJyu.js               [39m[1m[2m  4.16 kB[22m[1m[22m[2m │ gzip:   1.92 kB[22m[2m │ map:    13.98 kB[22m
2026-06-12T21:45:08.1665901Z [2mdist/[22m[2massets/[22m[36mBibleTalkChat-DhRhq26p.js            [39m[1m[2m  5.58 kB[22m[1m[22m[2m │ gzip:   2.52 kB[22m[2m │ map:    18.99 kB[22m
2026-06-12T21:45:08.1667207Z [2mdist/[22m[2massets/[22m[36mworkbox-window.prod.es5-BBnX5xw4.js  [39m[1m[2m  5.81 kB[22m[1m[22m[2m │ gzip:   2.40 kB[22m[2m │ map:    13.53 kB[22m
2026-06-12T21:45:08.1668328Z [2mdist/[22m[2massets/[22m[36mInviteeProfile-DnkZ2MV-.js           [39m[1m[2m  5.97 kB[22m[1m[22m[2m │ gzip:   2.38 kB[22m[2m │ map:    19.50 kB[22m
2026-06-12T21:45:08.1669428Z [2mdist/[22m[2massets/[22m[36mModal-j8b9b93H.js                    [39m[1m[2m  6.54 kB[22m[1m[22m[2m │ gzip:   2.70 kB[22m[2m │ map:    22.93 kB[22m
2026-06-12T21:45:08.1670674Z [2mdist/[22m[2massets/[22m[36mCalendar-BlVzqfI4.js                 [39m[1m[2m  9.76 kB[22m[1m[22m[2m │ gzip:   3.88 kB[22m[2m │ map:    34.99 kB[22m
2026-06-12T21:45:08.1671736Z [2mdist/[22m[2massets/[22m[36mStudies-DbLlZKQj.js                  [39m[1m[2m  9.95 kB[22m[1m[22m[2m │ gzip:   3.88 kB[22m[2m │ map:    34.95 kB[22m
2026-06-12T21:45:08.1672828Z [2mdist/[22m[2massets/[22m[36mDashboard-CxaXIcOp.js                [39m[1m[2m 16.26 kB[22m[1m[22m[2m │ gzip:   5.94 kB[22m[2m │ map:    53.25 kB[22m
2026-06-12T21:45:08.1673905Z [2mdist/[22m[2massets/[22m[36mSettings-CtJxnC9s.js                 [39m[1m[2m 24.02 kB[22m[1m[22m[2m │ gzip:   7.89 kB[22m[2m │ map:   135.26 kB[22m
2026-06-12T21:45:08.1674976Z [2mdist/[22m[2massets/[22m[36mindex-Dk9UC0Rm.js                    [39m[1m[33m620.02 kB[39m[22m[2m │ gzip: 194.73 kB[22m[2m │ map: 3,121.44 kB[22m
2026-06-12T21:45:08.1675600Z [32m✓ built in 4.49s[39m
2026-06-12T21:45:08.6186690Z 
2026-06-12T21:45:08.6187583Z [36mPWA v1.3.0[39m
2026-06-12T21:45:08.6188196Z Building [35msrc/sw.ts[39m service worker ("[35mes[39m" format)...
2026-06-12T21:45:08.6218101Z [36mvite v7.3.5 [32mbuilding client environment for production...[36m[39m
2026-06-12T21:45:08.6316543Z transforming...
2026-06-12T21:45:08.8092748Z [32m✓[39m 77 modules transformed.
2026-06-12T21:45:08.8339786Z rendering chunks...
2026-06-12T21:45:08.8442222Z computing gzip size...
2026-06-12T21:45:08.8462122Z [2mdist/[22m[36msw.mjs  [39m[1m[2m25.65 kB[22m[1m[22m[2m │ gzip: 8.41 kB[22m[2m │ map: 213.51 kB[22m
2026-06-12T21:45:08.8463236Z [32m✓ built in 225ms[39m
2026-06-12T21:45:08.9275966Z 
2026-06-12T21:45:08.9276909Z [36mPWA v1.3.0[39m
2026-06-12T21:45:08.9277495Z mode      [35minjectManifest[39m
2026-06-12T21:45:08.9277963Z format:   [35mes[39m
2026-06-12T21:45:08.9278492Z precache  [32m34 entries[39m [2m(1042.15 KiB)[22m
2026-06-12T21:45:08.9278931Z files generated
2026-06-12T21:45:08.9279265Z   [2mdist/sw.js[22m
2026-06-12T21:45:08.9279621Z   [2mdist/sw.js.map[22m
2026-06-12T21:45:09.1065463Z ##[group]Run npm -w backend run build
2026-06-12T21:45:09.1065815Z [36;1mnpm -w backend run build[0m
2026-06-12T21:45:09.1100749Z shell: /usr/bin/bash -e {0}
2026-06-12T21:45:09.1101045Z ##[endgroup]
2026-06-12T21:45:09.2285207Z 
2026-06-12T21:45:09.2285923Z > backend@0.1.0 build
2026-06-12T21:45:09.2286512Z > tsc -p tsconfig.json
2026-06-12T21:45:09.2286783Z 
2026-06-12T21:45:11.6794958Z Post job cleanup.
2026-06-12T21:45:11.8399486Z Cache hit occurred on the primary key node-cache-Linux-x64-npm-bc2cc79094920f61340da7f27b8f3d3951b0fe646fcfbf05166bdf24075bdd0d, not saving cache.
2026-06-12T21:45:11.8536381Z Post job cleanup.
2026-06-12T21:45:11.9533232Z [command]/usr/bin/git version
2026-06-12T21:45:11.9569634Z git version 2.54.0
2026-06-12T21:45:11.9611505Z Temporarily overriding HOME='/home/runner/work/_temp/085f6425-5e4d-40aa-8723-2087b7d0a9ad' before making global git config changes
2026-06-12T21:45:11.9612394Z Adding repository directory to the temporary git global config as a safe directory
2026-06-12T21:45:11.9617063Z [command]/usr/bin/git config --global --add safe.directory /home/runner/work/cs144-finalproject/cs144-finalproject
2026-06-12T21:45:11.9656263Z [command]/usr/bin/git config --local --name-only --get-regexp core\.sshCommand
2026-06-12T21:45:11.9690804Z [command]/usr/bin/git submodule foreach --recursive sh -c "git config --local --name-only --get-regexp 'core\.sshCommand' && git config --local --unset-all 'core.sshCommand' || :"
2026-06-12T21:45:11.9954423Z [command]/usr/bin/git config --local --name-only --get-regexp http\.https\:\/\/github\.com\/\.extraheader
2026-06-12T21:45:11.9983395Z http.https://github.com/.extraheader
2026-06-12T21:45:11.9998370Z [command]/usr/bin/git config --local --unset-all http.https://github.com/.extraheader
2026-06-12T21:45:12.0034047Z [command]/usr/bin/git submodule foreach --recursive sh -c "git config --local --name-only --get-regexp 'http\.https\:\/\/github\.com\/\.extraheader' && git config --local --unset-all 'http.https://github.com/.extraheader' || :"
2026-06-12T21:45:12.0289880Z [command]/usr/bin/git config --local --name-only --get-regexp ^includeIf\.gitdir:
2026-06-12T21:45:12.0329563Z [command]/usr/bin/git submodule foreach --recursive git config --local --show-origin --name-only --get-regexp remote.origin.url
2026-06-12T21:45:12.0713786Z Cleaning up orphan processes
2026-06-12T21:45:12.1032245Z ##[warning]Node.js 20 actions are deprecated. The following actions are running on Node.js 20 and may not work as expected: actions/checkout@v4, actions/setup-node@v4. Actions will be forced to run with Node.js 24 by default starting June 16th, 2026. Node.js 20 will be removed from the runner on September 16th, 2026. Please check if updated versions of these actions are available that support Node.js 24. To opt into Node.js 24 now, set the FORCE_JAVASCRIPT_ACTIONS_TO_NODE24=true environment variable on the runner or in your workflow file. Once Node.js 24 becomes the default, you can temporarily opt out by setting ACTIONS_ALLOW_USE_UNSECURE_NODE_VERSION=true. For more information see: https://github.blog/changelog/2025-09-19-deprecation-of-node-20-on-github-actions-runners/
